---
source: repology-updater/tests/parsers.rs
expression: res
---
Err(
    Error {
        context: "on line 1",
        source: "expected 13 fields, got 14",
    },
)
