---
source: repology-updater/tests/parsers.rs
expression: res
---
Err(
    Error {
        context: "on line 1",
        source: "unexpected lang_module ruby",
    },
)
