---
source: repology-updater/tests/parsers.rs
expression: res
---
Err(
    Error {
        context: "on line 1",
        source: "unexpectedly short port path (expected at least category/name)",
    },
)
