---
source: repology-updater/tests/parser_tests/freebsd.rs
expression: "FreeBsdParser\n{}.parse(Path::new(\"tests/parser_tests/freebsd/INDEX-1\"), &mut packages,)"
---
Err(
    Error {
        context: "on line 1",
        source: "expected 13 fields, got 12",
    },
)
